This is pdfTeX, Version 3.141592653-2.6-1.40.27 (TeX Live 2025/Homebrew) (preloaded format=pdflatex 2025.11.7)  30 JUN 2026 23:30
entering extended mode
 restricted \write18 enabled.
 %&-line parsing enabled.
**thesis
(./thesis.tex
LaTeX2e <2024-11-01> patch level 2
L3 programming layer <2025-01-18>
(./cam-thesis.cls
(/opt/homebrew/Cellar/texlive/20250308_2/share/texmf-dist/tex/latex/xcolor/xcol
or.sty
Package: xcolor 2024/09/29 v3.02 LaTeX color extensions (UK)

(/opt/homebrew/Cellar/texlive/20250308_2/share/texmf-dist/tex/latex/graphics-cf
g/color.cfg
File: color.cfg 2016/01/02 v1.6 sample color configuration
)
Package xcolor Info: Driver file: pdftex.def on input line 274.

(/opt/homebrew/Cellar/texlive/20250308_2/share/texmf-dist/tex/latex/graphics-de
f/pdftex.def
File: pdftex.def 2024/04/13 v1.2c Graphics/color driver for pdftex
)
(/opt/homebrew/Cellar/texlive/20250308_2/share/texmf-dist/tex/latex/graphics/ma
thcolor.ltx)
Package xcolor Info: Model `cmy' substituted by `cmy0' on input line 1349.
Package xcolor Info: Model `hsb' substituted by `rgb' on input line 1353.
Package xcolor Info: Model `RGB' extended on input line 1365.
Package xcolor Info: Model `HTML' substituted by `rgb' on input line 1367.
Package xcolor Info: Model `Hsb' substituted by `hsb' on input line 1368.
Package xcolor Info: Model `tHsb' substituted by `hsb' on input line 1369.
Package xcolor Info: Model `HSB' substituted by `hsb' on input line 1370.
Package xcolor Info: Model `Gray' substituted by `gray' on input line 1371.
Package xcolor Info: Model `wave' substituted by `hsb' on input line 1372.
)
Document Class: cam-thesis 2012/04/12 University of Cambridge thesis class

***********************************************
***********************************************


(/opt/homebrew/Cellar/texlive/20250308_2/share/texmf-dist/tex/latex/base/report
.cls
Document Class: report 2024/06/29 v1.4n Standard LaTeX document class

(/opt/homebrew/Cellar/texlive/20250308_2/share/texmf-dist/tex/latex/base/size12
.clo
File: size12.clo 2024/06/29 v1.4n Standard LaTeX file (size option)
)
\c@part=\count196
\c@chapter=\count197
\c@section=\count198
\c@subsection=\count199
\c@subsubsection=\count266
\c@paragraph=\count267
\c@subparagraph=\count268
\c@figure=\count269
\c@table=\count270
\abovecaptionskip=\skip49
\belowcaptionskip=\skip50
\bibindent=\dimen141
)
(/opt/homebrew/Cellar/texlive/20250308_2/share/texmf-dist/tex/latex/graphics/gr
aphicx.sty
Package: graphicx 2021/09/16 v1.2d Enhanced LaTeX Graphics (DPC,SPQR)

(/opt/homebrew/Cellar/texlive/20250308_2/share/texmf-dist/tex/latex/graphics/ke
yval.sty
Package: keyval 2022/05/29 v1.15 key=value parser (DPC)
\KV@toks@=\toks17
)
(/opt/homebrew/Cellar/texlive/20250308_2/share/texmf-dist/tex/latex/graphics/gr
aphics.sty
Package: graphics 2024/08/06 v1.4g Standard LaTeX Graphics (DPC,SPQR)

(/opt/homebrew/Cellar/texlive/20250308_2/share/texmf-dist/tex/latex/graphics/tr
ig.sty
Package: trig 2023/12/02 v1.11 sin cos tan (DPC)
)
(/opt/homebrew/Cellar/texlive/20250308_2/share/texmf-dist/tex/latex/graphics-cf
g/graphics.cfg
File: graphics.cfg 2016/06/04 v1.11 sample graphics configuration
)
Package graphics Info: Driver file: pdftex.def on input line 106.
)
\Gin@req@height=\dimen142
\Gin@req@width=\dimen143
)
(/opt/homebrew/Cellar/texlive/20250308_2/share/texmf-dist/tex/latex/tools/calc.
sty
Package: calc 2023/07/08 v4.3 Infix arithmetic (KKT,FJ)
\calc@Acount=\count271
\calc@Bcount=\count272
\calc@Adimen=\dimen144
\calc@Bdimen=\dimen145
\calc@Askip=\skip51
\calc@Bskip=\skip52
LaTeX Info: Redefining \setlength on input line 80.
LaTeX Info: Redefining \addtolength on input line 81.
\calc@Ccount=\count273
\calc@Cskip=\skip53
)
(/opt/homebrew/Cellar/texlive/20250308_2/share/texmf-dist/tex/latex/setspace/se
tspace.sty
Package: setspace 2022/12/04 v6.7b set line spacing
)
(/opt/homebrew/Cellar/texlive/20250308_2/share/texmf-dist/tex/latex/microtype/m
icrotype.sty
Package: microtype 2025/02/11 v3.2a Micro-typographical refinements (RS)

(/opt/homebrew/Cellar/texlive/20250308_2/share/texmf-dist/tex/latex/etoolbox/et
oolbox.sty
Package: etoolbox 2025/02/11 v2.5l e-TeX tools for LaTeX (JAW)
\etb@tempcnta=\count274
)
\MT@toks=\toks18
\MT@tempbox=\box52
\MT@count=\count275
LaTeX Info: Redefining \noprotrusionifhmode on input line 1087.
LaTeX Info: Redefining \leftprotrusion on input line 1088.
\MT@prot@toks=\toks19
LaTeX Info: Redefining \rightprotrusion on input line 1107.
LaTeX Info: Redefining \textls on input line 1449.
\MT@outer@kern=\dimen146
LaTeX Info: Redefining \microtypecontext on input line 2053.
LaTeX Info: Redefining \textmicrotypecontext on input line 2070.
\MT@listname@count=\count276

(/opt/homebrew/Cellar/texlive/20250308_2/share/texmf-dist/tex/latex/microtype/m
icrotype-pdftex.def
File: microtype-pdftex.def 2025/02/11 v3.2a Definitions specific to pdftex (RS)

LaTeX Info: Redefining \lsstyle on input line 944.
LaTeX Info: Redefining \lslig on input line 944.
\MT@outer@space=\skip54
)
Package microtype Info: Loading configuration file microtype.cfg.

(/opt/homebrew/Cellar/texlive/20250308_2/share/texmf-dist/tex/latex/microtype/m
icrotype.cfg
File: microtype.cfg 2025/02/11 v3.2a microtype main configuration file (RS)
)
LaTeX Info: Redefining \microtypesetup on input line 3065.
)
(/opt/homebrew/Cellar/texlive/20250308_2/share/texmf-dist/tex/latex/hyperref/hy
perref.sty
Package: hyperref 2024-11-05 v7.01l Hypertext links for LaTeX

(/opt/homebrew/Cellar/texlive/20250308_2/share/texmf-dist/tex/generic/iftex/ift
ex.sty
Package: iftex 2024/12/12 v1.0g TeX engine tests
)
(/opt/homebrew/Cellar/texlive/20250308_2/share/texmf-dist/tex/latex/kvsetkeys/k
vsetkeys.sty
Package: kvsetkeys 2022-10-05 v1.19 Key value parser (HO)
)
(/opt/homebrew/Cellar/texlive/20250308_2/share/texmf-dist/tex/generic/kvdefinek
eys/kvdefinekeys.sty
Package: kvdefinekeys 2019-12-19 v1.6 Define keys (HO)
)
(/opt/homebrew/Cellar/texlive/20250308_2/share/texmf-dist/tex/generic/pdfescape
/pdfescape.sty
Package: pdfescape 2019/12/09 v1.15 Implements pdfTeX's escape features (HO)

(/opt/homebrew/Cellar/texlive/20250308_2/share/texmf-dist/tex/generic/ltxcmds/l
txcmds.sty
Package: ltxcmds 2023-12-04 v1.26 LaTeX kernel commands for general use (HO)
)
(/opt/homebrew/Cellar/texlive/20250308_2/share/texmf-dist/tex/generic/pdftexcmd
s/pdftexcmds.sty
Package: pdftexcmds 2020-06-27 v0.33 Utility functions of pdfTeX for LuaTeX (HO
)

(/opt/homebrew/Cellar/texlive/20250308_2/share/texmf-dist/tex/generic/infwarerr
/infwarerr.sty
Package: infwarerr 2019/12/03 v1.5 Providing info/warning/error messages (HO)
)
Package pdftexcmds Info: \pdf@primitive is available.
Package pdftexcmds Info: \pdf@ifprimitive is available.
Package pdftexcmds Info: \pdfdraftmode found.
))
(/opt/homebrew/Cellar/texlive/20250308_2/share/texmf-dist/tex/latex/hycolor/hyc
olor.sty
Package: hycolor 2020-01-27 v1.10 Color options for hyperref/bookmark (HO)
)
(/opt/homebrew/Cellar/texlive/20250308_2/share/texmf-dist/tex/latex/hyperref/na
meref.sty
Package: nameref 2023-11-26 v2.56 Cross-referencing by name of section

(/opt/homebrew/Cellar/texlive/20250308_2/share/texmf-dist/tex/latex/refcount/re
fcount.sty
Package: refcount 2019/12/15 v3.6 Data extraction from label references (HO)
)
(/opt/homebrew/Cellar/texlive/20250308_2/share/texmf-dist/tex/generic/gettitles
tring/gettitlestring.sty
Package: gettitlestring 2019/12/15 v1.6 Cleanup title references (HO)

(/opt/homebrew/Cellar/texlive/20250308_2/share/texmf-dist/tex/latex/kvoptions/k
voptions.sty
Package: kvoptions 2022-06-15 v3.15 Key value format for package options (HO)
))
\c@section@level=\count277
)
(/opt/homebrew/Cellar/texlive/20250308_2/share/texmf-dist/tex/generic/stringenc
/stringenc.sty
Package: stringenc 2019/11/29 v1.12 Convert strings between diff. encodings (HO
)
)
\@linkdim=\dimen147
\Hy@linkcounter=\count278
\Hy@pagecounter=\count279

(/opt/homebrew/Cellar/texlive/20250308_2/share/texmf-dist/tex/latex/hyperref/pd
1enc.def
File: pd1enc.def 2024-11-05 v7.01l Hyperref: PDFDocEncoding definition (HO)
Now handling font encoding PD1 ...
... no UTF-8 mapping file for font encoding PD1
)
(/opt/homebrew/Cellar/texlive/20250308_2/share/texmf-dist/tex/generic/intcalc/i
ntcalc.sty
Package: intcalc 2019/12/15 v1.3 Expandable calculations with integers (HO)
)
\Hy@SavedSpaceFactor=\count280

(/opt/homebrew/Cellar/texlive/20250308_2/share/texmf-dist/tex/latex/hyperref/pu
enc.def
File: puenc.def 2024-11-05 v7.01l Hyperref: PDF Unicode definition (HO)
Now handling font encoding PU ...
... no UTF-8 mapping file for font encoding PU
)
Package hyperref Info: Option `pdffitwindow' set `true' on input line 4040.
Package hyperref Info: Option `pdfpagelabels' set `true' on input line 4040.
Package hyperref Info: Option `colorlinks' set `false' on input line 4040.
Package hyperref Info: Option `pdfusetitle' set `true' on input line 4040.
Package hyperref Info: Option `colorlinks' set `true' on input line 4040.
Package hyperref Info: Hyper figures OFF on input line 4157.
Package hyperref Info: Link nesting OFF on input line 4162.
Package hyperref Info: Hyper index ON on input line 4165.
Package hyperref Info: Plain pages OFF on input line 4172.
Package hyperref Info: Backreferencing OFF on input line 4177.
Package hyperref Info: Implicit mode ON; LaTeX internals redefined.
Package hyperref Info: Bookmarks ON on input line 4424.
\c@Hy@tempcnt=\count281

(/opt/homebrew/Cellar/texlive/20250308_2/share/texmf-dist/tex/latex/url/url.sty
\Urlmuskip=\muskip17
Package: url 2013/09/16  ver 3.4  Verb mode for urls, etc.
)
LaTeX Info: Redefining \url on input line 4763.
\XeTeXLinkMargin=\dimen148

(/opt/homebrew/Cellar/texlive/20250308_2/share/texmf-dist/tex/generic/bitset/bi
tset.sty
Package: bitset 2019/12/09 v1.3 Handle bit-vector datatype (HO)

(/opt/homebrew/Cellar/texlive/20250308_2/share/texmf-dist/tex/generic/bigintcal
c/bigintcalc.sty
Package: bigintcalc 2019/12/15 v1.5 Expandable calculations on big integers (HO
)
))
\Fld@menulength=\count282
\Field@Width=\dimen149
\Fld@charsize=\dimen150
Package hyperref Info: Hyper figures OFF on input line 6042.
Package hyperref Info: Link nesting OFF on input line 6047.
Package hyperref Info: Hyper index ON on input line 6050.
Package hyperref Info: backreferencing OFF on input line 6057.
Package hyperref Info: Link coloring ON on input line 6060.
Package hyperref Info: Link coloring with OCG OFF on input line 6067.
Package hyperref Info: PDF/A mode OFF on input line 6072.

(/opt/homebrew/Cellar/texlive/20250308_2/share/texmf-dist/tex/latex/base/atbegs
hi-ltx.sty
Package: atbegshi-ltx 2021/01/10 v1.0c Emulation of the original atbegshi
package with kernel methods
)
\Hy@abspage=\count283
\c@Item=\count284
\c@Hfootnote=\count285
)
Package hyperref Info: Driver (autodetected): hpdftex.

(/opt/homebrew/Cellar/texlive/20250308_2/share/texmf-dist/tex/latex/hyperref/hp
dftex.def
File: hpdftex.def 2024-11-05 v7.01l Hyperref driver for pdfTeX

(/opt/homebrew/Cellar/texlive/20250308_2/share/texmf-dist/tex/latex/base/atvery
end-ltx.sty
Package: atveryend-ltx 2020/08/19 v1.0a Emulation of the original atveryend pac
kage
with kernel methods
)
\Fld@listcount=\count286
\c@bookmark@seq@number=\count287

(/opt/homebrew/Cellar/texlive/20250308_2/share/texmf-dist/tex/latex/rerunfilech
eck/rerunfilecheck.sty
Package: rerunfilecheck 2022-07-10 v1.10 Rerun checks for auxiliary files (HO)

(/opt/homebrew/Cellar/texlive/20250308_2/share/texmf-dist/tex/generic/uniquecou
nter/uniquecounter.sty
Package: uniquecounter 2019/12/15 v1.4 Provide unlimited unique counter (HO)
)
Package uniquecounter Info: New unique counter `rerunfilecheck' on input line 2
85.
)
\Hy@SectionHShift=\skip55
)
(/opt/homebrew/Cellar/texlive/20250308_2/share/texmf-dist/tex/latex/hypcap/hypc
ap.sty
Package: hypcap 2024-07-26 v1.13 Adjusting the anchors of captions (HO)

(/opt/homebrew/Cellar/texlive/20250308_2/share/texmf-dist/tex/latex/letltxmacro
/letltxmacro.sty
Package: letltxmacro 2019/12/03 v1.6 Let assignment for LaTeX macros (HO)
))
(/opt/homebrew/Cellar/texlive/20250308_2/share/texmf-dist/tex/latex/base/makeid
x.sty
Package: makeidx 2021/10/04 v1.0m Standard LaTeX package
)
\@indexfile=\write3
\openout3 = `thesis.idx'.


Writing index file thesis.idx
\cam@topmargin=\skip56
\cam@bottommargin=\skip57

(/opt/homebrew/Cellar/texlive/20250308_2/share/texmf-dist/tex/latex/lm/lmodern.
sty
Package: lmodern 2015/05/01 v1.6.1 Latin Modern Fonts
LaTeX Font Info:    Overwriting symbol font `operators' in version `normal'
(Font)                  OT1/cmr/m/n --> OT1/lmr/m/n on input line 22.
LaTeX Font Info:    Overwriting symbol font `letters' in version `normal'
(Font)                  OML/cmm/m/it --> OML/lmm/m/it on input line 23.
LaTeX Font Info:    Overwriting symbol font `symbols' in version `normal'
(Font)                  OMS/cmsy/m/n --> OMS/lmsy/m/n on input line 24.
LaTeX Font Info:    Overwriting symbol font `largesymbols' in version `normal'
(Font)                  OMX/cmex/m/n --> OMX/lmex/m/n on input line 25.
LaTeX Font Info:    Overwriting symbol font `operators' in version `bold'
(Font)                  OT1/cmr/bx/n --> OT1/lmr/bx/n on input line 26.
LaTeX Font Info:    Overwriting symbol font `letters' in version `bold'
(Font)                  OML/cmm/b/it --> OML/lmm/b/it on input line 27.
LaTeX Font Info:    Overwriting symbol font `symbols' in version `bold'
(Font)                  OMS/cmsy/b/n --> OMS/lmsy/b/n on input line 28.
LaTeX Font Info:    Overwriting symbol font `largesymbols' in version `bold'
(Font)                  OMX/cmex/m/n --> OMX/lmex/m/n on input line 29.
LaTeX Font Info:    Overwriting math alphabet `\mathbf' in version `normal'
(Font)                  OT1/cmr/bx/n --> OT1/lmr/bx/n on input line 31.
LaTeX Font Info:    Overwriting math alphabet `\mathsf' in version `normal'
(Font)                  OT1/cmss/m/n --> OT1/lmss/m/n on input line 32.
LaTeX Font Info:    Overwriting math alphabet `\mathit' in version `normal'
(Font)                  OT1/cmr/m/it --> OT1/lmr/m/it on input line 33.
LaTeX Font Info:    Overwriting math alphabet `\mathtt' in version `normal'
(Font)                  OT1/cmtt/m/n --> OT1/lmtt/m/n on input line 34.
LaTeX Font Info:    Overwriting math alphabet `\mathbf' in version `bold'
(Font)                  OT1/cmr/bx/n --> OT1/lmr/bx/n on input line 35.
LaTeX Font Info:    Overwriting math alphabet `\mathsf' in version `bold'
(Font)                  OT1/cmss/bx/n --> OT1/lmss/bx/n on input line 36.
LaTeX Font Info:    Overwriting math alphabet `\mathit' in version `bold'
(Font)                  OT1/cmr/bx/it --> OT1/lmr/bx/it on input line 37.
LaTeX Font Info:    Overwriting math alphabet `\mathtt' in version `bold'
(Font)                  OT1/cmtt/m/n --> OT1/lmtt/m/n on input line 38.
)
(/opt/homebrew/Cellar/texlive/20250308_2/share/texmf-dist/tex/latex/base/fonten
c.sty
Package: fontenc 2021/04/29 v2.0v Standard LaTeX package
LaTeX Font Info:    Trying to load font information for T1+lmr on input line 11
6.

(/opt/homebrew/Cellar/texlive/20250308_2/share/texmf-dist/tex/latex/lm/t1lmr.fd
File: t1lmr.fd 2015/05/01 v1.6.1 Font defs for Latin Modern
)))
(/opt/homebrew/Cellar/texlive/20250308_2/share/texmf-dist/tex/latex/base/fonten
c.sty
Package: fontenc 2021/04/29 v2.0v Standard LaTeX package
)
(/opt/homebrew/Cellar/texlive/20250308_2/share/texmf-dist/tex/latex/natbib/natb
ib.sty
Package: natbib 2010/09/13 8.31b (PWD, AO)
\bibhang=\skip58
\bibsep=\skip59
LaTeX Info: Redefining \cite on input line 694.
\c@NAT@ctr=\count288
)
(/opt/homebrew/Cellar/texlive/20250308_2/share/texmf-dist/tex/latex/amsmath/ams
math.sty
Package: amsmath 2024/11/05 v2.17t AMS math features
\@mathmargin=\skip60

For additional information on amsmath, use the `?' option.

(/opt/homebrew/Cellar/texlive/20250308_2/share/texmf-dist/tex/latex/amsmath/ams
text.sty
Package: amstext 2021/08/26 v2.01 AMS text

(/opt/homebrew/Cellar/texlive/20250308_2/share/texmf-dist/tex/latex/amsmath/ams
gen.sty
File: amsgen.sty 1999/11/30 v2.0 generic functions
\@emptytoks=\toks20
\ex@=\dimen151
))
(/opt/homebrew/Cellar/texlive/20250308_2/share/texmf-dist/tex/latex/amsmath/ams
bsy.sty
Package: amsbsy 1999/11/29 v1.2d Bold Symbols
\pmbraise@=\dimen152
)
(/opt/homebrew/Cellar/texlive/20250308_2/share/texmf-dist/tex/latex/amsmath/ams
opn.sty
Package: amsopn 2022/04/08 v2.04 operator names
)
\inf@bad=\count289
LaTeX Info: Redefining \frac on input line 233.
\uproot@=\count290
\leftroot@=\count291
LaTeX Info: Redefining \overline on input line 398.
LaTeX Info: Redefining \colon on input line 409.
\classnum@=\count292
\DOTSCASE@=\count293
LaTeX Info: Redefining \ldots on input line 495.
LaTeX Info: Redefining \dots on input line 498.
LaTeX Info: Redefining \cdots on input line 619.
\Mathstrutbox@=\box53
\strutbox@=\box54
LaTeX Info: Redefining \big on input line 721.
LaTeX Info: Redefining \Big on input line 722.
LaTeX Info: Redefining \bigg on input line 723.
LaTeX Info: Redefining \Bigg on input line 724.
\big@size=\dimen153
LaTeX Font Info:    Redeclaring font encoding OML on input line 742.
LaTeX Font Info:    Redeclaring font encoding OMS on input line 743.
\macc@depth=\count294
LaTeX Info: Redefining \bmod on input line 904.
LaTeX Info: Redefining \pmod on input line 909.
LaTeX Info: Redefining \smash on input line 939.
LaTeX Info: Redefining \relbar on input line 969.
LaTeX Info: Redefining \Relbar on input line 970.
\c@MaxMatrixCols=\count295
\dotsspace@=\muskip18
\c@parentequation=\count296
\dspbrk@lvl=\count297
\tag@help=\toks21
\row@=\count298
\column@=\count299
\maxfields@=\count300
\andhelp@=\toks22
\eqnshift@=\dimen154
\alignsep@=\dimen155
\tagshift@=\dimen156
\tagwidth@=\dimen157
\totwidth@=\dimen158
\lineht@=\dimen159
\@envbody=\toks23
\multlinegap=\skip61
\multlinetaggap=\skip62
\mathdisplay@stack=\toks24
LaTeX Info: Redefining \[ on input line 2953.
LaTeX Info: Redefining \] on input line 2954.
)
(/opt/homebrew/Cellar/texlive/20250308_2/share/texmf-dist/tex/latex/amsfonts/am
ssymb.sty
Package: amssymb 2013/01/14 v3.01 AMS font symbols

(/opt/homebrew/Cellar/texlive/20250308_2/share/texmf-dist/tex/latex/amsfonts/am
sfonts.sty
Package: amsfonts 2013/01/14 v3.01 Basic AMSFonts support
\symAMSa=\mathgroup4
\symAMSb=\mathgroup5
LaTeX Font Info:    Redeclaring math symbol \hbar on input line 98.
LaTeX Font Info:    Overwriting math alphabet `\mathfrak' in version `bold'
(Font)                  U/euf/m/n --> U/euf/b/n on input line 106.
))
(/opt/homebrew/Cellar/texlive/20250308_2/share/texmf-dist/tex/latex/booktabs/bo
oktabs.sty
Package: booktabs 2020/01/12 v1.61803398 Publication quality tables
\heavyrulewidth=\dimen160
\lightrulewidth=\dimen161
\cmidrulewidth=\dimen162
\belowrulesep=\dimen163
\belowbottomsep=\dimen164
\aboverulesep=\dimen165
\abovetopsep=\dimen166
\cmidrulesep=\dimen167
\cmidrulekern=\dimen168
\defaultaddspace=\dimen169
\@cmidla=\count301
\@cmidlb=\count302
\@aboverulesep=\dimen170
\@belowrulesep=\dimen171
\@thisruleclass=\count303
\@lastruleclass=\count304
\@thisrulewidth=\dimen172
)
(/opt/homebrew/Cellar/texlive/20250308_2/share/texmf-dist/tex/latex/tools/array
.sty
Package: array 2024/10/17 v2.6g Tabular extension package (FMi)
\col@sep=\dimen173
\ar@mcellbox=\box55
\extrarowheight=\dimen174
\NC@list=\toks25
\extratabsurround=\skip63
\backup@length=\skip64
\ar@cellbox=\box56
)
(/opt/homebrew/Cellar/texlive/20250308_2/share/texmf-dist/tex/latex/tools/longt
able.sty
Package: longtable 2024-10-27 v4.22 Multi-page Table package (DPC)
\LTleft=\skip65
\LTright=\skip66
\LTpre=\skip67
\LTpost=\skip68
\LTchunksize=\count305
\LTcapwidth=\dimen175
\LT@head=\box57
\LT@firsthead=\box58
\LT@foot=\box59
\LT@lastfoot=\box60
\LT@gbox=\box61
\LT@cols=\count306
\LT@rows=\count307
\c@LT@tables=\count308
\c@LT@chunks=\count309
\LT@p@ftn=\toks26
)
(/opt/homebrew/Cellar/texlive/20250308_2/share/texmf-dist/tex/latex/pgf/fronten
dlayer/tikz.sty
(/opt/homebrew/Cellar/texlive/20250308_2/share/texmf-dist/tex/latex/pgf/basicla
yer/pgf.sty
(/opt/homebrew/Cellar/texlive/20250308_2/share/texmf-dist/tex/latex/pgf/utiliti
es/pgfrcs.sty
(/opt/homebrew/Cellar/texlive/20250308_2/share/texmf-dist/tex/generic/pgf/utili
ties/pgfutil-common.tex
\pgfutil@everybye=\toks27
\pgfutil@tempdima=\dimen176
\pgfutil@tempdimb=\dimen177
)
(/opt/homebrew/Cellar/texlive/20250308_2/share/texmf-dist/tex/generic/pgf/utili
ties/pgfutil-latex.def
\pgfutil@abb=\box62
)
(/opt/homebrew/Cellar/texlive/20250308_2/share/texmf-dist/tex/generic/pgf/utili
ties/pgfrcs.code.tex
(/opt/homebrew/Cellar/texlive/20250308_2/share/texmf-dist/tex/generic/pgf/pgf.r
evision.tex)
Package: pgfrcs 2023-01-15 v3.1.10 (3.1.10)
))
Package: pgf 2023-01-15 v3.1.10 (3.1.10)

(/opt/homebrew/Cellar/texlive/20250308_2/share/texmf-dist/tex/latex/pgf/basicla
yer/pgfcore.sty
(/opt/homebrew/Cellar/texlive/20250308_2/share/texmf-dist/tex/latex/pgf/systeml
ayer/pgfsys.sty
(/opt/homebrew/Cellar/texlive/20250308_2/share/texmf-dist/tex/generic/pgf/syste
mlayer/pgfsys.code.tex
Package: pgfsys 2023-01-15 v3.1.10 (3.1.10)

(/opt/homebrew/Cellar/texlive/20250308_2/share/texmf-dist/tex/generic/pgf/utili
ties/pgfkeys.code.tex
\pgfkeys@pathtoks=\toks28
\pgfkeys@temptoks=\toks29

(/opt/homebrew/Cellar/texlive/20250308_2/share/texmf-dist/tex/generic/pgf/utili
ties/pgfkeyslibraryfiltered.code.tex
\pgfkeys@tmptoks=\toks30
))
\pgf@x=\dimen178
\pgf@y=\dimen179
\pgf@xa=\dimen180
\pgf@ya=\dimen181
\pgf@xb=\dimen182
\pgf@yb=\dimen183
\pgf@xc=\dimen184
\pgf@yc=\dimen185
\pgf@xd=\dimen186
\pgf@yd=\dimen187
\w@pgf@writea=\write4
\r@pgf@reada=\read2
\c@pgf@counta=\count310
\c@pgf@countb=\count311
\c@pgf@countc=\count312
\c@pgf@countd=\count313
\t@pgf@toka=\toks31
\t@pgf@tokb=\toks32
\t@pgf@tokc=\toks33
\pgf@sys@id@count=\count314

(/opt/homebrew/Cellar/texlive/20250308_2/share/texmf-dist/tex/generic/pgf/syste
mlayer/pgf.cfg
File: pgf.cfg 2023-01-15 v3.1.10 (3.1.10)
)
Driver file for pgf: pgfsys-pdftex.def

(/opt/homebrew/Cellar/texlive/20250308_2/share/texmf-dist/tex/generic/pgf/syste
mlayer/pgfsys-pdftex.def
File: pgfsys-pdftex.def 2023-01-15 v3.1.10 (3.1.10)

(/opt/homebrew/Cellar/texlive/20250308_2/share/texmf-dist/tex/generic/pgf/syste
mlayer/pgfsys-common-pdf.def
File: pgfsys-common-pdf.def 2023-01-15 v3.1.10 (3.1.10)
)))
(/opt/homebrew/Cellar/texlive/20250308_2/share/texmf-dist/tex/generic/pgf/syste
mlayer/pgfsyssoftpath.code.tex
File: pgfsyssoftpath.code.tex 2023-01-15 v3.1.10 (3.1.10)
\pgfsyssoftpath@smallbuffer@items=\count315
\pgfsyssoftpath@bigbuffer@items=\count316
)
(/opt/homebrew/Cellar/texlive/20250308_2/share/texmf-dist/tex/generic/pgf/syste
mlayer/pgfsysprotocol.code.tex
File: pgfsysprotocol.code.tex 2023-01-15 v3.1.10 (3.1.10)
))
(/opt/homebrew/Cellar/texlive/20250308_2/share/texmf-dist/tex/generic/pgf/basic
layer/pgfcore.code.tex
Package: pgfcore 2023-01-15 v3.1.10 (3.1.10)

(/opt/homebrew/Cellar/texlive/20250308_2/share/texmf-dist/tex/generic/pgf/math/
pgfmath.code.tex
(/opt/homebrew/Cellar/texlive/20250308_2/share/texmf-dist/tex/generic/pgf/math/
pgfmathutil.code.tex)
(/opt/homebrew/Cellar/texlive/20250308_2/share/texmf-dist/tex/generic/pgf/math/
pgfmathparser.code.tex
\pgfmath@dimen=\dimen188
\pgfmath@count=\count317
\pgfmath@box=\box63
\pgfmath@toks=\toks34
\pgfmath@stack@operand=\toks35
\pgfmath@stack@operation=\toks36
)
(/opt/homebrew/Cellar/texlive/20250308_2/share/texmf-dist/tex/generic/pgf/math/
pgfmathfunctions.code.tex)
(/opt/homebrew/Cellar/texlive/20250308_2/share/texmf-dist/tex/generic/pgf/math/
pgfmathfunctions.basic.code.tex)
(/opt/homebrew/Cellar/texlive/20250308_2/share/texmf-dist/tex/generic/pgf/math/
pgfmathfunctions.trigonometric.code.tex)
(/opt/homebrew/Cellar/texlive/20250308_2/share/texmf-dist/tex/generic/pgf/math/
pgfmathfunctions.random.code.tex)
(/opt/homebrew/Cellar/texlive/20250308_2/share/texmf-dist/tex/generic/pgf/math/
pgfmathfunctions.comparison.code.tex)
(/opt/homebrew/Cellar/texlive/20250308_2/share/texmf-dist/tex/generic/pgf/math/
pgfmathfunctions.base.code.tex)
(/opt/homebrew/Cellar/texlive/20250308_2/share/texmf-dist/tex/generic/pgf/math/
pgfmathfunctions.round.code.tex)
(/opt/homebrew/Cellar/texlive/20250308_2/share/texmf-dist/tex/generic/pgf/math/
pgfmathfunctions.misc.code.tex)
(/opt/homebrew/Cellar/texlive/20250308_2/share/texmf-dist/tex/generic/pgf/math/
pgfmathfunctions.integerarithmetics.code.tex)
(/opt/homebrew/Cellar/texlive/20250308_2/share/texmf-dist/tex/generic/pgf/math/
pgfmathcalc.code.tex)
(/opt/homebrew/Cellar/texlive/20250308_2/share/texmf-dist/tex/generic/pgf/math/
pgfmathfloat.code.tex
\c@pgfmathroundto@lastzeros=\count318
))
(/opt/homebrew/Cellar/texlive/20250308_2/share/texmf-dist/tex/generic/pgf/math/
pgfint.code.tex)
(/opt/homebrew/Cellar/texlive/20250308_2/share/texmf-dist/tex/generic/pgf/basic
layer/pgfcorepoints.code.tex
File: pgfcorepoints.code.tex 2023-01-15 v3.1.10 (3.1.10)
\pgf@picminx=\dimen189
\pgf@picmaxx=\dimen190
\pgf@picminy=\dimen191
\pgf@picmaxy=\dimen192
\pgf@pathminx=\dimen193
\pgf@pathmaxx=\dimen194
\pgf@pathminy=\dimen195
\pgf@pathmaxy=\dimen196
\pgf@xx=\dimen197
\pgf@xy=\dimen198
\pgf@yx=\dimen199
\pgf@yy=\dimen256
\pgf@zx=\dimen257
\pgf@zy=\dimen258
)
(/opt/homebrew/Cellar/texlive/20250308_2/share/texmf-dist/tex/generic/pgf/basic
layer/pgfcorepathconstruct.code.tex
File: pgfcorepathconstruct.code.tex 2023-01-15 v3.1.10 (3.1.10)
\pgf@path@lastx=\dimen259
\pgf@path@lasty=\dimen260
)
(/opt/homebrew/Cellar/texlive/20250308_2/share/texmf-dist/tex/generic/pgf/basic
layer/pgfcorepathusage.code.tex
File: pgfcorepathusage.code.tex 2023-01-15 v3.1.10 (3.1.10)
\pgf@shorten@end@additional=\dimen261
\pgf@shorten@start@additional=\dimen262
)
(/opt/homebrew/Cellar/texlive/20250308_2/share/texmf-dist/tex/generic/pgf/basic
layer/pgfcorescopes.code.tex
File: pgfcorescopes.code.tex 2023-01-15 v3.1.10 (3.1.10)
\pgfpic=\box64
\pgf@hbox=\box65
\pgf@layerbox@main=\box66
\pgf@picture@serial@count=\count319
)
(/opt/homebrew/Cellar/texlive/20250308_2/share/texmf-dist/tex/generic/pgf/basic
layer/pgfcoregraphicstate.code.tex
File: pgfcoregraphicstate.code.tex 2023-01-15 v3.1.10 (3.1.10)
\pgflinewidth=\dimen263
)
(/opt/homebrew/Cellar/texlive/20250308_2/share/texmf-dist/tex/generic/pgf/basic
layer/pgfcoretransformations.code.tex
File: pgfcoretransformations.code.tex 2023-01-15 v3.1.10 (3.1.10)
\pgf@pt@x=\dimen264
\pgf@pt@y=\dimen265
\pgf@pt@temp=\dimen266
)
(/opt/homebrew/Cellar/texlive/20250308_2/share/texmf-dist/tex/generic/pgf/basic
layer/pgfcorequick.code.tex
File: pgfcorequick.code.tex 2023-01-15 v3.1.10 (3.1.10)
)
(/opt/homebrew/Cellar/texlive/20250308_2/share/texmf-dist/tex/generic/pgf/basic
layer/pgfcoreobjects.code.tex
File: pgfcoreobjects.code.tex 2023-01-15 v3.1.10 (3.1.10)
)
(/opt/homebrew/Cellar/texlive/20250308_2/share/texmf-dist/tex/generic/pgf/basic
layer/pgfcorepathprocessing.code.tex
File: pgfcorepathprocessing.code.tex 2023-01-15 v3.1.10 (3.1.10)
)
(/opt/homebrew/Cellar/texlive/20250308_2/share/texmf-dist/tex/generic/pgf/basic
layer/pgfcorearrows.code.tex
File: pgfcorearrows.code.tex 2023-01-15 v3.1.10 (3.1.10)
\pgfarrowsep=\dimen267
)
(/opt/homebrew/Cellar/texlive/20250308_2/share/texmf-dist/tex/generic/pgf/basic
layer/pgfcoreshade.code.tex
File: pgfcoreshade.code.tex 2023-01-15 v3.1.10 (3.1.10)
\pgf@max=\dimen268
\pgf@sys@shading@range@num=\count320
\pgf@shadingcount=\count321
)
(/opt/homebrew/Cellar/texlive/20250308_2/share/texmf-dist/tex/generic/pgf/basic
layer/pgfcoreimage.code.tex
File: pgfcoreimage.code.tex 2023-01-15 v3.1.10 (3.1.10)
)
(/opt/homebrew/Cellar/texlive/20250308_2/share/texmf-dist/tex/generic/pgf/basic
layer/pgfcoreexternal.code.tex
File: pgfcoreexternal.code.tex 2023-01-15 v3.1.10 (3.1.10)
\pgfexternal@startupbox=\box67
)
(/opt/homebrew/Cellar/texlive/20250308_2/share/texmf-dist/tex/generic/pgf/basic
layer/pgfcorelayers.code.tex
File: pgfcorelayers.code.tex 2023-01-15 v3.1.10 (3.1.10)
)
(/opt/homebrew/Cellar/texlive/20250308_2/share/texmf-dist/tex/generic/pgf/basic
layer/pgfcoretransparency.code.tex
File: pgfcoretransparency.code.tex 2023-01-15 v3.1.10 (3.1.10)
)
(/opt/homebrew/Cellar/texlive/20250308_2/share/texmf-dist/tex/generic/pgf/basic
layer/pgfcorepatterns.code.tex
File: pgfcorepatterns.code.tex 2023-01-15 v3.1.10 (3.1.10)
)
(/opt/homebrew/Cellar/texlive/20250308_2/share/texmf-dist/tex/generic/pgf/basic
layer/pgfcorerdf.code.tex
File: pgfcorerdf.code.tex 2023-01-15 v3.1.10 (3.1.10)
)))
(/opt/homebrew/Cellar/texlive/20250308_2/share/texmf-dist/tex/generic/pgf/modul
es/pgfmoduleshapes.code.tex
File: pgfmoduleshapes.code.tex 2023-01-15 v3.1.10 (3.1.10)
\pgfnodeparttextbox=\box68
)
(/opt/homebrew/Cellar/texlive/20250308_2/share/texmf-dist/tex/generic/pgf/modul
es/pgfmoduleplot.code.tex
File: pgfmoduleplot.code.tex 2023-01-15 v3.1.10 (3.1.10)
)
(/opt/homebrew/Cellar/texlive/20250308_2/share/texmf-dist/tex/latex/pgf/compati
bility/pgfcomp-version-0-65.sty
Package: pgfcomp-version-0-65 2023-01-15 v3.1.10 (3.1.10)
\pgf@nodesepstart=\dimen269
\pgf@nodesepend=\dimen270
)
(/opt/homebrew/Cellar/texlive/20250308_2/share/texmf-dist/tex/latex/pgf/compati
bility/pgfcomp-version-1-18.sty
Package: pgfcomp-version-1-18 2023-01-15 v3.1.10 (3.1.10)
))
(/opt/homebrew/Cellar/texlive/20250308_2/share/texmf-dist/tex/latex/pgf/utiliti
es/pgffor.sty
(/opt/homebrew/Cellar/texlive/20250308_2/share/texmf-dist/tex/latex/pgf/utiliti
es/pgfkeys.sty
(/opt/homebrew/Cellar/texlive/20250308_2/share/texmf-dist/tex/generic/pgf/utili
ties/pgfkeys.code.tex))
(/opt/homebrew/Cellar/texlive/20250308_2/share/texmf-dist/tex/latex/pgf/math/pg
fmath.sty
(/opt/homebrew/Cellar/texlive/20250308_2/share/texmf-dist/tex/generic/pgf/math/
pgfmath.code.tex))
(/opt/homebrew/Cellar/texlive/20250308_2/share/texmf-dist/tex/generic/pgf/utili
ties/pgffor.code.tex
Package: pgffor 2023-01-15 v3.1.10 (3.1.10)
\pgffor@iter=\dimen271
\pgffor@skip=\dimen272
\pgffor@stack=\toks37
\pgffor@toks=\toks38
))
(/opt/homebrew/Cellar/texlive/20250308_2/share/texmf-dist/tex/generic/pgf/front
endlayer/tikz/tikz.code.tex
Package: tikz 2023-01-15 v3.1.10 (3.1.10)

(/opt/homebrew/Cellar/texlive/20250308_2/share/texmf-dist/tex/generic/pgf/libra
ries/pgflibraryplothandlers.code.tex
File: pgflibraryplothandlers.code.tex 2023-01-15 v3.1.10 (3.1.10)
\pgf@plot@mark@count=\count322
\pgfplotmarksize=\dimen273
)
\tikz@lastx=\dimen274
\tikz@lasty=\dimen275
\tikz@lastxsaved=\dimen276
\tikz@lastysaved=\dimen277
\tikz@lastmovetox=\dimen278
\tikz@lastmovetoy=\dimen279
\tikzleveldistance=\dimen280
\tikzsiblingdistance=\dimen281
\tikz@figbox=\box69
\tikz@figbox@bg=\box70
\tikz@tempbox=\box71
\tikz@tempbox@bg=\box72
\tikztreelevel=\count323
\tikznumberofchildren=\count324
\tikznumberofcurrentchild=\count325
\tikz@fig@count=\count326

(/opt/homebrew/Cellar/texlive/20250308_2/share/texmf-dist/tex/generic/pgf/modul
es/pgfmodulematrix.code.tex
File: pgfmodulematrix.code.tex 2023-01-15 v3.1.10 (3.1.10)
\pgfmatrixcurrentrow=\count327
\pgfmatrixcurrentcolumn=\count328
\pgf@matrix@numberofcolumns=\count329
)
\tikz@expandcount=\count330

(/opt/homebrew/Cellar/texlive/20250308_2/share/texmf-dist/tex/generic/pgf/front
endlayer/tikz/libraries/tikzlibrarytopaths.code.tex
File: tikzlibrarytopaths.code.tex 2023-01-15 v3.1.10 (3.1.10)
)))
(/opt/homebrew/Cellar/texlive/20250308_2/share/texmf-dist/tex/latex/tcolorbox/t
colorbox.sty
Package: tcolorbox 2024/10/22 version 6.4.1 text color boxes

(/opt/homebrew/Cellar/texlive/20250308_2/share/texmf-dist/tex/latex/tools/verba
tim.sty
Package: verbatim 2024-01-22 v1.5x LaTeX2e package for verbatim enhancements
\every@verbatim=\toks39
\verbatim@line=\toks40
\verbatim@in@stream=\read3
)
(/opt/homebrew/Cellar/texlive/20250308_2/share/texmf-dist/tex/latex/environ/env
iron.sty
Package: environ 2014/05/04 v0.3 A new way to define environments

(/opt/homebrew/Cellar/texlive/20250308_2/share/texmf-dist/tex/latex/trimspaces/
trimspaces.sty
Package: trimspaces 2009/09/17 v1.1 Trim spaces around a token list
))
\tcb@titlebox=\box73
\tcb@upperbox=\box74
\tcb@lowerbox=\box75
\tcb@phantombox=\box76
\c@tcbbreakpart=\count331
\c@tcblayer=\count332
\c@tcolorbox@number=\count333
\l__tcobox_tmpa_box=\box77
\l__tcobox_tmpa_dim=\dimen282
\tcb@temp=\box78
\tcb@temp=\box79
\tcb@temp=\box80
\tcb@temp=\box81

(/opt/homebrew/Cellar/texlive/20250308_2/share/texmf-dist/tex/latex/tcolorbox/t
cbraster.code.tex
Library (tcolorbox): 'tcbraster.code.tex' version '6.4.1'
\c@tcbrastercolumn=\count334
\c@tcbrasterrow=\count335
\c@tcbrasternum=\count336
\c@tcbraster=\count337
)
(/opt/homebrew/Cellar/texlive/20250308_2/share/texmf-dist/tex/latex/tcolorbox/t
cbskins.code.tex
Library (tcolorbox): 'tcbskins.code.tex' version '6.4.1'

(/opt/homebrew/Cellar/texlive/20250308_2/share/texmf-dist/tex/latex/tikzfill/ti
kzfill.image.sty
Package: tikzfill.image 2023/08/08 v1.0.1 Image filling library for TikZ

(/opt/homebrew/Cellar/texlive/20250308_2/share/texmf-dist/tex/latex/tikzfill/ti
kzfill-common.sty
Package: tikzfill-common 2023/08/08 v1.0.1 Auxiliary code for tikzfill
)
(/opt/homebrew/Cellar/texlive/20250308_2/share/texmf-dist/tex/latex/tikzfill/ti
kzlibraryfill.image.code.tex
File: tikzlibraryfill.image.code.tex 2023/08/08 v1.0.1 Image filling library
\l__tikzfill_img_box=\box82
))
(/opt/homebrew/Cellar/texlive/20250308_2/share/texmf-dist/tex/latex/tcolorbox/t
cbskinsjigsaw.code.tex
Library (tcolorbox): 'tcbskinsjigsaw.code.tex' version '6.4.1'
))
(/opt/homebrew/Cellar/texlive/20250308_2/share/texmf-dist/tex/latex/tcolorbox/t
cbbreakable.code.tex
Library (tcolorbox): 'tcbbreakable.code.tex' version '6.4.1'

(/opt/homebrew/Cellar/texlive/20250308_2/share/texmf-dist/tex/latex/pdfcol/pdfc
ol.sty
Package: pdfcol 2022-09-21 v1.7 Handle new color stacks for pdfTeX (HO)
)
Package pdfcol Info: New color stack `tcb@breakable' = 1 on input line 23.
\tcb@testbox=\box83
\tcb@totalupperbox=\box84
\tcb@totallowerbox=\box85
)
(/opt/homebrew/Cellar/texlive/20250308_2/share/texmf-dist/tex/latex/tcolorbox/t
cbhooks.code.tex
Library (tcolorbox): 'tcbhooks.code.tex' version '6.4.1'
)
(/opt/homebrew/Cellar/texlive/20250308_2/share/texmf-dist/tex/latex/tcolorbox/t
cbtheorems.code.tex
Library (tcolorbox): 'tcbtheorems.code.tex' version '6.4.1'
)
(/opt/homebrew/Cellar/texlive/20250308_2/share/texmf-dist/tex/latex/tcolorbox/t
cbfitting.code.tex
Library (tcolorbox): 'tcbfitting.code.tex' version '6.4.1'
\tcbfitdim=\dimen283
\tcb@lowerfitdim=\dimen284
\tcb@upperfitdim=\dimen285
\tcb@cur@hbadness=\count338
)
(/opt/homebrew/Cellar/texlive/20250308_2/share/texmf-dist/tex/latex/tcolorbox/t
cblistingsutf8.code.tex
Library (tcolorbox): 'tcblistingsutf8.code.tex' version '6.4.1'

(/opt/homebrew/Cellar/texlive/20250308_2/share/texmf-dist/tex/latex/tcolorbox/t
cblistings.code.tex
Library (tcolorbox): 'tcblistings.code.tex' version '6.4.1'

(/opt/homebrew/Cellar/texlive/20250308_2/share/texmf-dist/tex/latex/listings/li
stings.sty
\lst@mode=\count339
\lst@gtempboxa=\box86
\lst@token=\toks41
\lst@length=\count340
\lst@currlwidth=\dimen286
\lst@column=\count341
\lst@pos=\count342
\lst@lostspace=\dimen287
\lst@width=\dimen288
\lst@newlines=\count343
\lst@lineno=\count344
\lst@maxwidth=\dimen289

(/opt/homebrew/Cellar/texlive/20250308_2/share/texmf-dist/tex/latex/listings/ls
tpatch.sty
File: lstpatch.sty 2024/09/23 1.10c (Carsten Heinz)
)
(/opt/homebrew/Cellar/texlive/20250308_2/share/texmf-dist/tex/latex/listings/ls
tmisc.sty
File: lstmisc.sty 2024/09/23 1.10c (Carsten Heinz)
\c@lstnumber=\count345
\lst@skipnumbers=\count346
\lst@framebox=\box87
)
(/opt/homebrew/Cellar/texlive/20250308_2/share/texmf-dist/tex/latex/listings/li
stings.cfg
File: listings.cfg 2024/09/23 1.10c listings configuration
))
Package: listings 2024/09/23 1.10c (Carsten Heinz)

(/opt/homebrew/Cellar/texlive/20250308_2/share/texmf-dist/tex/latex/tcolorbox/t
cblistingscore.code.tex
Library (tcolorbox): 'tcblistingscore.code.tex' version '6.4.1'

(/opt/homebrew/Cellar/texlive/20250308_2/share/texmf-dist/tex/latex/tcolorbox/t
cbprocessing.code.tex
Library (tcolorbox): 'tcbprocessing.code.tex' version '6.4.1'
)
\c@tcblisting=\count347
))
(/opt/homebrew/Cellar/texlive/20250308_2/share/texmf-dist/tex/latex/listingsutf
8/listingsutf8.sty
Package: listingsutf8 2019-12-10 v1.5 Allow UTF-8 in listings input (HO)
))
(/opt/homebrew/Cellar/texlive/20250308_2/share/texmf-dist/tex/latex/tcolorbox/t
cbexternal.code.tex
Library (tcolorbox): 'tcbexternal.code.tex' version '6.4.1'
)
(/opt/homebrew/Cellar/texlive/20250308_2/share/texmf-dist/tex/latex/tcolorbox/t
cbmagazine.code.tex
Library (tcolorbox): 'tcbmagazine.code.tex' version '6.4.1'
)
(/opt/homebrew/Cellar/texlive/20250308_2/share/texmf-dist/tex/latex/tcolorbox/t
cbvignette.code.tex
Library (tcolorbox): 'tcbvignette.code.tex' version '6.4.1'

(/opt/homebrew/Cellar/texlive/20250308_2/share/texmf-dist/tex/generic/pgf/front
endlayer/tikz/libraries/tikzlibraryfadings.code.tex
File: tikzlibraryfadings.code.tex 2023-01-15 v3.1.10 (3.1.10)

(/opt/homebrew/Cellar/texlive/20250308_2/share/texmf-dist/tex/generic/pgf/libra
ries/pgflibraryfadings.code.tex
File: pgflibraryfadings.code.tex 2023-01-15 v3.1.10 (3.1.10)
)))
(/opt/homebrew/Cellar/texlive/20250308_2/share/texmf-dist/tex/latex/tcolorbox/t
cbposter.code.tex
Library (tcolorbox): 'tcbposter.code.tex' version '6.4.1'
))
(/opt/homebrew/Cellar/texlive/20250308_2/share/texmf-dist/tex/latex/psnfss/helv
et.sty
Package: helvet 2020/03/25 PSNFSS-v9.3 (WaS) 
)
   defining Unicode char U+5927 (decimal 22823)
   defining Unicode char U+5FAE (decimal 24494)
   defining Unicode char U+0113 (decimal 275)
   defining Unicode char U+2014 (decimal 8212)

(/opt/homebrew/Cellar/texlive/20250308_2/share/texmf-dist/tex/generic/pgf/libra
ries/pgflibraryarrows.meta.code.tex
File: pgflibraryarrows.meta.code.tex 2023-01-15 v3.1.10 (3.1.10)
\pgfarrowinset=\dimen290
\pgfarrowlength=\dimen291
\pgfarrowwidth=\dimen292
\pgfarrowlinewidth=\dimen293
)
(/opt/homebrew/Cellar/texlive/20250308_2/share/texmf-dist/tex/generic/pgf/front
endlayer/tikz/libraries/tikzlibrarydecorations.pathreplacing.code.tex
(/opt/homebrew/Cellar/texlive/20250308_2/share/texmf-dist/tex/generic/pgf/front
endlayer/tikz/libraries/tikzlibrarydecorations.code.tex
(/opt/homebrew/Cellar/texlive/20250308_2/share/texmf-dist/tex/generic/pgf/modul
es/pgfmoduledecorations.code.tex
\pgfdecoratedcompleteddistance=\dimen294
\pgfdecoratedremainingdistance=\dimen295
\pgfdecoratedinputsegmentcompleteddistance=\dimen296
\pgfdecoratedinputsegmentremainingdistance=\dimen297
\pgf@decorate@distancetomove=\dimen298
\pgf@decorate@repeatstate=\count348
\pgfdecorationsegmentamplitude=\dimen299
\pgfdecorationsegmentlength=\dimen300
)
\tikz@lib@dec@box=\box88
)
(/opt/homebrew/Cellar/texlive/20250308_2/share/texmf-dist/tex/generic/pgf/libra
ries/decorations/pgflibrarydecorations.pathreplacing.code.tex))
(/opt/homebrew/Cellar/texlive/20250308_2/share/texmf-dist/tex/latex/l3backend/l
3backend-pdftex.def
File: l3backend-pdftex.def 2024-05-08 L3 backend support: PDF output (pdfTeX)
\l__color_backend_stack_int=\count349
\l__pdf_internal_box=\box89
) (./thesis.aux)
\openout1 = `thesis.aux'.

LaTeX Font Info:    Checking defaults for OML/cmm/m/it on input line 111.
LaTeX Font Info:    ... okay on input line 111.
LaTeX Font Info:    Checking defaults for OMS/cmsy/m/n on input line 111.
LaTeX Font Info:    ... okay on input line 111.
LaTeX Font Info:    Checking defaults for OT1/cmr/m/n on input line 111.
LaTeX Font Info:    ... okay on input line 111.
LaTeX Font Info:    Checking defaults for T1/cmr/m/n on input line 111.
LaTeX Font Info:    ... okay on input line 111.
LaTeX Font Info:    Checking defaults for TS1/cmr/m/n on input line 111.
LaTeX Font Info:    ... okay on input line 111.
LaTeX Font Info:    Checking defaults for OMX/cmex/m/n on input line 111.
LaTeX Font Info:    ... okay on input line 111.
LaTeX Font Info:    Checking defaults for U/cmr/m/n on input line 111.
LaTeX Font Info:    ... okay on input line 111.
LaTeX Font Info:    Checking defaults for PD1/pdf/m/n on input line 111.
LaTeX Font Info:    ... okay on input line 111.
LaTeX Font Info:    Checking defaults for PU/pdf/m/n on input line 111.
LaTeX Font Info:    ... okay on input line 111.

(/opt/homebrew/Cellar/texlive/20250308_2/share/texmf-dist/tex/context/base/mkii
/supp-pdf.mkii
[Loading MPS to PDF converter (version 2006.09.02).]
\scratchcounter=\count350
\scratchdimen=\dimen301
\scratchbox=\box90
\nofMPsegments=\count351
\nofMParguments=\count352
\everyMPshowfont=\toks42
\MPscratchCnt=\count353
\MPscratchDim=\dimen302
\MPnumerator=\count354
\makeMPintoPDFobject=\count355
\everyMPtoPDFconversion=\toks43
)
(/opt/homebrew/Cellar/texlive/20250308_2/share/texmf-dist/tex/latex/epstopdf-pk
g/epstopdf-base.sty
Package: epstopdf-base 2020-01-24 v2.11 Base part for package epstopdf
Package epstopdf-base Info: Redefining graphics rule for `.eps' on input line 4
85.

(/opt/homebrew/Cellar/texlive/20250308_2/share/texmf-dist/tex/latex/latexconfig
/epstopdf-sys.cfg
File: epstopdf-sys.cfg 2010/07/13 v1.3 Configuration of (r)epstopdf for TeX Liv
e
))
LaTeX Info: Redefining \microtypecontext on input line 111.
Package microtype Info: Applying patch `item' on input line 111.
Package microtype Info: Applying patch `toc' on input line 111.
Package microtype Info: Applying patch `eqnum' on input line 111.
Package microtype Info: Applying patch `footnote' on input line 111.
Package microtype Info: Applying patch `verbatim' on input line 111.
LaTeX Info: Redefining \microtypesetup on input line 111.
Package microtype Info: Generating PDF output.
Package microtype Info: Character protrusion enabled (level 2).
Package microtype Info: Using default protrusion set `alltext'.
Package microtype Info: Automatic font expansion enabled (level 2),
(microtype)             stretch: 20, shrink: 20, step: 1, non-selected.
Package microtype Info: Using default expansion set `alltext-nott'.
LaTeX Info: Redefining \showhyphens on input line 111.
Package microtype Info: No adjustment of tracking.
Package microtype Info: No adjustment of interword spacing.
Package microtype Info: No adjustment of character kerning.

(/opt/homebrew/Cellar/texlive/20250308_2/share/texmf-dist/tex/latex/microtype/m
t-cmr.cfg
File: mt-cmr.cfg 2013/05/19 v2.2 microtype config. file: Computer Modern Roman 
(RS)
)
Package hyperref Info: Link coloring ON on input line 111.
 (./thesis.out) (./thesis.out)
\@outlinefile=\write5
\openout5 = `thesis.out'.

\c@lstlisting=\count356

(/opt/homebrew/Cellar/texlive/20250308_2/share/texmf-dist/tex/latex/base/inpute
nc.sty
Package: inputenc 2024/02/08 v1.3d Input encoding file
\inpenc@prehook=\toks44
\inpenc@posthook=\toks45
)
\cam@logo=\box91
<Pages/Figures/CollegeShields/CUni.pdf, id=219, 330.23375pt x 69.25874pt>
File: Pages/Figures/CollegeShields/CUni.pdf Graphic file (type pdf)
<use Pages/Figures/CollegeShields/CUni.pdf>
Package pdftex.def Info: Pages/Figures/CollegeShields/CUni.pdf  used on input l
ine 114.
(pdftex.def)             Requested size: 128.0374pt x 26.85333pt.
<Pages/Figures/dis_logo.pdf, id=220, 515.67656pt x 321.45094pt>
File: Pages/Figures/dis_logo.pdf Graphic file (type pdf)
<use Pages/Figures/dis_logo.pdf>
Package pdftex.def Info: Pages/Figures/dis_logo.pdf  used on input line 114.
(pdftex.def)             Requested size: 45.63776pt x 28.45274pt.
LaTeX Font Info:    Trying to load font information for OT1+lmr on input line 1
14.

(/opt/homebrew/Cellar/texlive/20250308_2/share/texmf-dist/tex/latex/lm/ot1lmr.f
d
File: ot1lmr.fd 2015/05/01 v1.6.1 Font defs for Latin Modern
)
LaTeX Font Info:    Trying to load font information for OML+lmm on input line 1
14.

(/opt/homebrew/Cellar/texlive/20250308_2/share/texmf-dist/tex/latex/lm/omllmm.f
d
File: omllmm.fd 2015/05/01 v1.6.1 Font defs for Latin Modern
)
LaTeX Font Info:    Trying to load font information for OMS+lmsy on input line 
114.

(/opt/homebrew/Cellar/texlive/20250308_2/share/texmf-dist/tex/latex/lm/omslmsy.
fd
File: omslmsy.fd 2015/05/01 v1.6.1 Font defs for Latin Modern
)
LaTeX Font Info:    Trying to load font information for OMX+lmex on input line 
114.

(/opt/homebrew/Cellar/texlive/20250308_2/share/texmf-dist/tex/latex/lm/omxlmex.
fd
File: omxlmex.fd 2015/05/01 v1.6.1 Font defs for Latin Modern
)
LaTeX Font Info:    External font `lmex10' loaded for size
(Font)              <12> on input line 114.
LaTeX Font Info:    External font `lmex10' loaded for size
(Font)              <8> on input line 114.
LaTeX Font Info:    External font `lmex10' loaded for size
(Font)              <6> on input line 114.
LaTeX Font Info:    Trying to load font information for U+msa on input line 114
.

(/opt/homebrew/Cellar/texlive/20250308_2/share/texmf-dist/tex/latex/amsfonts/um
sa.fd
File: umsa.fd 2013/01/14 v3.01 AMS symbols A
)
(/opt/homebrew/Cellar/texlive/20250308_2/share/texmf-dist/tex/latex/microtype/m
t-msa.cfg
File: mt-msa.cfg 2006/02/04 v1.1 microtype config. file: AMS symbols (a) (RS)
)
LaTeX Font Info:    Trying to load font information for U+msb on input line 114
.

(/opt/homebrew/Cellar/texlive/20250308_2/share/texmf-dist/tex/latex/amsfonts/um
sb.fd
File: umsb.fd 2013/01/14 v3.01 AMS symbols B
)
(/opt/homebrew/Cellar/texlive/20250308_2/share/texmf-dist/tex/latex/microtype/m
t-msb.cfg
File: mt-msb.cfg 2005/06/01 v1.0 microtype config. file: AMS symbols (b) (RS)
)
\cam@title=\box92
\cam@collegeshieldbox=\box93
<Pages/Figures/CollegeShields/Kings.pdf, id=221, 106.70264pt x 122.49765pt>
File: Pages/Figures/CollegeShields/Kings.pdf Graphic file (type pdf)
<use Pages/Figures/CollegeShields/Kings.pdf>
Package pdftex.def Info: Pages/Figures/CollegeShields/Kings.pdf  used on input 
line 114.
(pdftex.def)             Requested size: 44.61127pt x 51.21495pt.
Package microtype Info: Character `029' is missing
(microtype)             in font `T1/lmr/m/sc/10.95'.
(microtype)             Ignoring protrusion settings for this character.
\cam@authorcollege=\box94
\cam@reportmetadata=\box95
\cam@submitnotice=\box96
\cam@titlepagevspace=\skip69


[1

{/opt/homebrew/Cellar/texlive/20250308_2/share/texmf-dist/fonts/map/pdftex/updm
ap/pdftex.map}{/opt/homebrew/Cellar/texlive/20250308_2/share/texmf-dist/fonts/e
nc/dvips/lm/lm-ec.enc} <./Pages/Figures/CollegeShields/CUni.pdf> <./Pages/Figur
es/dis_logo.pdf> <./Pages/Figures/CollegeShields/Kings.pdf>]

[2

] (./thesis.toc

[3

])
\tf@toc=\write6
\openout6 = `thesis.toc'.



[4] (./Pages/11Introduction.tex
Chapter 1.


[5


]

[6{/opt/homebrew/Cellar/texlive/20250308_2/share/texmf-dist/fonts/enc/dvips/lm/
lm-mathsy.enc}{/opt/homebrew/Cellar/texlive/20250308_2/share/texmf-dist/fonts/e
nc/dvips/lm/lm-mathit.enc}{/opt/homebrew/Cellar/texlive/20250308_2/share/texmf-
dist/fonts/enc/dvips/lm/lm-rm.enc}{/opt/homebrew/Cellar/texlive/20250308_2/shar
e/texmf-dist/fonts/enc/dvips/lm/lm-mathex.enc}]
LaTeX Font Info:    Trying to load font information for T1+lmtt on input line 1
55.

(/opt/homebrew/Cellar/texlive/20250308_2/share/texmf-dist/tex/latex/lm/t1lmtt.f
d
File: t1lmtt.fd 2015/05/01 v1.6.1 Font defs for Latin Modern
)
Package microtype Info: Loading generic protrusion settings for font family
(microtype)             `lmtt' (encoding: T1).
(microtype)             For optimal results, create family-specific settings.
(microtype)             See the microtype manual for details.


[7]) (./Pages/12RelatedWork.tex

[8]
Chapter 2.
) (./Pages/13_Reproducibility.tex

[9

]
Chapter 3.
LaTeX Font Info:    Trying to load font information for T1+phv on input line 15
.

(/opt/homebrew/Cellar/texlive/20250308_2/share/texmf-dist/tex/latex/psnfss/t1ph
v.fd
File: t1phv.fd 2020/03/25 scalable font definitions for T1/phv.
)
LaTeX Font Info:    Font shape `T1/phv/m/n' will be
(Font)              scaled to size 9.19998pt on input line 15.
Package microtype Info: Loading generic protrusion settings for font family
(microtype)             `phv' (encoding: T1).
(microtype)             For optimal results, create family-specific settings.
(microtype)             See the microtype manual for details.
LaTeX Font Info:    External font `lmex10' loaded for size
(Font)              <10> on input line 15.
LaTeX Font Info:    External font `lmex10' loaded for size
(Font)              <7> on input line 15.
LaTeX Font Info:    External font `lmex10' loaded for size
(Font)              <5> on input line 15.


[10

{/opt/homebrew/Cellar/texlive/20250308_2/share/texmf-dist/fonts/enc/dvips/base/
8r.enc}]
<Pages/Figures/combined_ones(a)_filtered.pdf, id=599, 505.89pt x 164.65514pt>
File: Pages/Figures/combined_ones(a)_filtered.pdf Graphic file (type pdf)
<use Pages/Figures/combined_ones(a)_filtered.pdf>
Package pdftex.def Info: Pages/Figures/combined_ones(a)_filtered.pdf  used on i
nput line 90.
(pdftex.def)             Requested size: 495.07797pt x 161.13983pt.
<Pages/Figures/combined_ones(b)_filtered.pdf, id=600, 505.89pt x 164.65514pt>
File: Pages/Figures/combined_ones(b)_filtered.pdf Graphic file (type pdf)
<use Pages/Figures/combined_ones(b)_filtered.pdf>
Package pdftex.def Info: Pages/Figures/combined_ones(b)_filtered.pdf  used on i
nput line 92.
(pdftex.def)             Requested size: 495.07797pt x 161.13983pt.
<Pages/Figures/combined_=_filtered.pdf, id=601, 505.89pt x 164.65514pt>
File: Pages/Figures/combined_=_filtered.pdf Graphic file (type pdf)
<use Pages/Figures/combined_=_filtered.pdf>
Package pdftex.def Info: Pages/Figures/combined_=_filtered.pdf  used on input l
ine 94.
(pdftex.def)             Requested size: 495.07797pt x 161.13983pt.
LaTeX Font Info:    External font `lmex10' loaded for size
(Font)              <10.95> on input line 110.
<Pages/Figures/positional_cascade.pdf, id=604, 582.175pt x 470.75874pt>
File: Pages/Figures/positional_cascade.pdf Graphic file (type pdf)
<use Pages/Figures/positional_cascade.pdf>
Package pdftex.def Info: Pages/Figures/positional_cascade.pdf  used on input li
ne 160.
(pdftex.def)             Requested size: 495.07797pt x 400.34077pt.


[11]

[12 <./Pages/Figures/combined_ones(a)_filtered.pdf> <./Pages/Figures/combined_o
nes(b)_filtered.pdf> <./Pages/Figures/combined_=_filtered.pdf>]

[13 <./Pages/Figures/positional_cascade.pdf>]

[14

]
<Pages/Figures/op_swap.pdf, id=792, 596.2275pt x 183.68625pt>
File: Pages/Figures/op_swap.pdf Graphic file (type pdf)
<use Pages/Figures/op_swap.pdf>
Package pdftex.def Info: Pages/Figures/op_swap.pdf  used on input line 323.
(pdftex.def)             Requested size: 475.27817pt x 146.42505pt.
<Pages/Figures/operand_swap.pdf, id=793, 596.2275pt x 152.57pt>
File: Pages/Figures/operand_swap.pdf Graphic file (type pdf)
<use Pages/Figures/operand_swap.pdf>
Package pdftex.def Info: Pages/Figures/operand_swap.pdf  used on input line 330
.
(pdftex.def)             Requested size: 475.27817pt x 121.62082pt.
<Pages/Figures/lang_swap.pdf, id=794, 571.13374pt x 175.65625pt>
File: Pages/Figures/lang_swap.pdf Graphic file (type pdf)
<use Pages/Figures/lang_swap.pdf>
Package pdftex.def Info: Pages/Figures/lang_swap.pdf  used on input line 337.
(pdftex.def)             Requested size: 475.27817pt x 146.17523pt.


[15]

[16 <./Pages/Figures/op_swap.pdf> <./Pages/Figures/operand_swap.pdf> <./Pages/F
igures/lang_swap.pdf>]
Overfull \hbox (12.03967pt too wide) in paragraph at lines 400--406
[]\T1/lmr/m/n/12 (-20) All graphs pro-duced for this work are ex-plorable at []
[]$\T1/lmtt/m/n/12 https : / / mechinterp-[]viz-[]94c364 . uniofcam .
 []

<Pages/Figures/add_attr_graph_no_edges.pdf, id=894, 1142.10687pt x 402.7848pt>
File: Pages/Figures/add_attr_graph_no_edges.pdf Graphic file (type pdf)
<use Pages/Figures/add_attr_graph_no_edges.pdf>
Package pdftex.def Info: Pages/Figures/add_attr_graph_no_edges.pdf  used on inp
ut line 409.
(pdftex.def)             Requested size: 495.07797pt x 174.59537pt.
<Pages/Figures/add_attr_graph_all_edges.pdf, id=895, 1025.02951pt x 378.6948pt>

File: Pages/Figures/add_attr_graph_all_edges.pdf Graphic file (type pdf)
<use Pages/Figures/add_attr_graph_all_edges.pdf>
Package pdftex.def Info: Pages/Figures/add_attr_graph_all_edges.pdf  used on in
put line 411.
(pdftex.def)             Requested size: 495.07797pt x 182.90977pt.


[17]) (./Pages/ConceptLocalisation.tex

[18 <./Pages/Figures/add_attr_graph_no_edges.pdf> <./Pages/Figures/add_attr_gra
ph_all_edges.pdf>]
Chapter 4.
LaTeX Font Info:    Font shape `T1/phv/m/n' will be
(Font)              scaled to size 7.35999pt on input line 53.


[19

]
<Pages/Figures/norm_comparison.pdf, id=929, 579.16376pt x 273.02pt>
File: Pages/Figures/norm_comparison.pdf Graphic file (type pdf)
<use Pages/Figures/norm_comparison.pdf>
Package pdftex.def Info: Pages/Figures/norm_comparison.pdf  used on input line 
137.
(pdftex.def)             Requested size: 495.07797pt x 233.38037pt.


[20]
<Pages/Figures/cosim_patterns_abc.pdf, id=942, 589.20125pt x 305.14pt>
File: Pages/Figures/cosim_patterns_abc.pdf Graphic file (type pdf)
<use Pages/Figures/cosim_patterns_abc.pdf>
Package pdftex.def Info: Pages/Figures/cosim_patterns_abc.pdf  used on input li
ne 171.
(pdftex.def)             Requested size: 495.07797pt x 256.39964pt.


[21 <./Pages/Figures/norm_comparison.pdf>]

[22 <./Pages/Figures/cosim_patterns_abc.pdf>]
<Pages/Figures/causal_overlay_comparison.pdf, id=1262, 579.16376pt x 273.02pt>
File: Pages/Figures/causal_overlay_comparison.pdf Graphic file (type pdf)
<use Pages/Figures/causal_overlay_comparison.pdf>
Package pdftex.def Info: Pages/Figures/causal_overlay_comparison.pdf  used on i
nput line 269.
(pdftex.def)             Requested size: 495.07797pt x 233.38037pt.


[23 <./Pages/Figures/causal_overlay_comparison.pdf>]

[24]
<Pages/Figures/carry/concept_summary_T0_thesis.pdf, id=1435, 591.20876pt x 494.
84875pt>
File: Pages/Figures/carry/concept_summary_T0_thesis.pdf Graphic file (type pdf)

<use Pages/Figures/carry/concept_summary_T0_thesis.pdf>
Package pdftex.def Info: Pages/Figures/carry/concept_summary_T0_thesis.pdf  use
d on input line 380.
(pdftex.def)             Requested size: 495.07797pt x 414.39404pt.
<Pages/Figures/gcd/concept_summary_T0_thesis.pdf, id=1436, 591.20876pt x 507.89
75pt>
File: Pages/Figures/gcd/concept_summary_T0_thesis.pdf Graphic file (type pdf)
<use Pages/Figures/gcd/concept_summary_T0_thesis.pdf>
Package pdftex.def Info: Pages/Figures/gcd/concept_summary_T0_thesis.pdf  used 
on input line 389.
(pdftex.def)             Requested size: 495.07797pt x 425.32127pt.
<Pages/Figures/residue_class/concept_summary_T0_thesis.pdf, id=1437, 591.20876p
t x 498.86375pt>
File: Pages/Figures/residue_class/concept_summary_T0_thesis.pdf Graphic file (t
ype pdf)
<use Pages/Figures/residue_class/concept_summary_T0_thesis.pdf>
Package pdftex.def Info: Pages/Figures/residue_class/concept_summary_T0_thesis.
pdf  used on input line 398.
(pdftex.def)             Requested size: 495.07797pt x 417.75626pt.


[25]

[26 <./Pages/Figures/carry/concept_summary_T0_thesis.pdf>]

[27 <./Pages/Figures/gcd/concept_summary_T0_thesis.pdf>]

[28 <./Pages/Figures/residue_class/concept_summary_T0_thesis.pdf>]

[29]
<Pages/Figures/fourier_selection.pdf, id=1956, 581.17125pt x 649.42625pt>
File: Pages/Figures/fourier_selection.pdf Graphic file (type pdf)
<use Pages/Figures/fourier_selection.pdf>
Package pdftex.def Info: Pages/Figures/fourier_selection.pdf  used on input lin
e 558.
(pdftex.def)             Requested size: 495.07797pt x 553.23378pt.


[30]) (./Pages/KnowledgeEditing.tex

[31 <./Pages/Figures/fourier_selection.pdf>]

[32]
Chapter 5.


[33

]
LaTeX Font Info:    Font shape `T1/phv/m/n' will be
(Font)              scaled to size 11.03998pt on input line 58.
LaTeX Font Info:    Font shape `T1/phv/m/n' will be
(Font)              scaled to size 10.07397pt on input line 58.
) (./Pages/Conclusion.tex

[34]
Chapter 6.
)

[35

] (./thesis.bbl

[36]

[37

]

[38]) (./Pages/Glossary.tex

[39]

[40

]

[41]) (./Pages/AIUsage.tex

[42]
LaTeX Font Info:    Trying to load font information for TS1+lmr on input line 8
.

(/opt/homebrew/Cellar/texlive/20250308_2/share/texmf-dist/tex/latex/lm/ts1lmr.f
d
File: ts1lmr.fd 2015/05/01 v1.6.1 Font defs for Latin Modern
))

[43

{/opt/homebrew/Cellar/texlive/20250308_2/share/texmf-dist/fonts/enc/dvips/lm/lm
-ts1.enc}] (./thesis.aux)
 ***********
LaTeX2e <2024-11-01> patch level 2
L3 programming layer <2025-01-18>
 ***********
Package rerunfilecheck Info: File `thesis.out' has not changed.
(rerunfilecheck)             Checksum: 152404F94F824813C3A8E5148056F699;9097.
 ) 
Here is how much of TeX's memory you used:
 31707 strings out of 473190
 650046 string characters out of 5704335
 1069999 words of memory out of 5000000
 53872 multiletter control sequences out of 15000+600000
 696137 words of font info for 269 fonts, out of 8000000 for 9000
 1141 hyphenation exceptions out of 8191
 90i,13n,96p,1102b,612s stack positions out of 10000i,1000n,20000p,200000b,200000s
</opt/homebrew/Cellar/texlive/20250308_2/share/texmf-dist/fonts/type1/public/
lm/lmbx10.pfb></opt/homebrew/Cellar/texlive/20250308_2/share/texmf-dist/fonts/t
ype1/public/lm/lmbx12.pfb></opt/homebrew/Cellar/texlive/20250308_2/share/texmf-
dist/fonts/type1/public/lm/lmcsc10.pfb></opt/homebrew/Cellar/texlive/20250308_2
/share/texmf-dist/fonts/type1/public/lm/lmex10.pfb></opt/homebrew/Cellar/texliv
e/20250308_2/share/texmf-dist/fonts/type1/public/lm/lmmi10.pfb></opt/homebrew/C
ellar/texlive/20250308_2/share/texmf-dist/fonts/type1/public/lm/lmmi12.pfb></op
t/homebrew/Cellar/texlive/20250308_2/share/texmf-dist/fonts/type1/public/lm/lmm
i6.pfb></opt/homebrew/Cellar/texlive/20250308_2/share/texmf-dist/fonts/type1/pu
blic/lm/lmmi8.pfb></opt/homebrew/Cellar/texlive/20250308_2/share/texmf-dist/fon
ts/type1/public/lm/lmr10.pfb></opt/homebrew/Cellar/texlive/20250308_2/share/tex
mf-dist/fonts/type1/public/lm/lmr12.pfb></opt/homebrew/Cellar/texlive/20250308_
2/share/texmf-dist/fonts/type1/public/lm/lmr6.pfb></opt/homebrew/Cellar/texlive
/20250308_2/share/texmf-dist/fonts/type1/public/lm/lmr7.pfb></opt/homebrew/Cell
ar/texlive/20250308_2/share/texmf-dist/fonts/type1/public/lm/lmr8.pfb></opt/hom
ebrew/Cellar/texlive/20250308_2/share/texmf-dist/fonts/type1/public/lm/lmri10.p
fb></opt/homebrew/Cellar/texlive/20250308_2/share/texmf-dist/fonts/type1/public
/lm/lmri12.pfb></opt/homebrew/Cellar/texlive/20250308_2/share/texmf-dist/fonts/
type1/public/lm/lmsy10.pfb></opt/homebrew/Cellar/texlive/20250308_2/share/texmf
-dist/fonts/type1/public/lm/lmsy6.pfb></opt/homebrew/Cellar/texlive/20250308_2/
share/texmf-dist/fonts/type1/public/lm/lmsy8.pfb></opt/homebrew/Cellar/texlive/
20250308_2/share/texmf-dist/fonts/type1/public/lm/lmtt12.pfb></opt/homebrew/Cel
lar/texlive/20250308_2/share/texmf-dist/fonts/type1/public/amsfonts/symbols/msb
m10.pfb></opt/homebrew/Cellar/texlive/20250308_2/share/texmf-dist/fonts/type1/u
rw/helvetic/uhvr8a.pfb>
Output written on thesis.pdf (43 pages, 7367246 bytes).
PDF statistics:
 2357 PDF objects out of 2487 (max. 8388607)
 1453 compressed objects within 15 object streams
 182 named destinations out of 1000 (max. 500000)
 86108 words of extra memory for PDF output out of 89155 (max. 10000000)

